Program Version,EnergyPlus, Version 25.1.0-1c11a3d85f, YMD=2026.06.05 01:20,
   ************* Beginning Zone Sizing Calculations
   ** Warning ** Site:GroundTemperature:BuildingSurface: Some values fall outside the range of 15-25C.
   **   ~~~   ** These values may be inappropriate.  Please consult the Input Output Reference for more details.
   ** Warning ** GetSurfaceData: World Coordinate System selected.  Any non-zero Building/Zone North Axes or non-zero Zone Origins are ignored.
   **   ~~~   ** These may be used in daylighting reference point coordinate calculations but not in normal geometry inputs.
   ** Warning ** CalculateZoneVolume: 1 zone is not fully enclosed. For more details use:  Output:Diagnostics,DisplayExtrawarnings; 
   ** Warning ** ManageSizing: For a plant sizing run, there must be at least 1 Sizing:Plant object input. SimulationControl Plant Sizing option ignored.
   ************* Testing Individual Branch Integrity
   ************* All Branches passed integrity testing
   ************* Testing Individual Supply Air Path Integrity
   ************* All Supply Air Paths passed integrity testing
   ************* Testing Individual Return Air Path Integrity
   ************* All Return Air Paths passed integrity testing
   ************* No node connection errors were found.
   ************* Beginning Simulation
   ** Warning ** WetBulb not converged after 101 iterations(PsyTwbFnTdbWPb)
   **   ~~~   **  Routine=Unknown, Environment=RUN PERIOD 1, at Simulation time=03/04 14:05 - 14:06
   **   ~~~   **  Input Temperature = 5.45
   **   ~~~   **  Input Humidity Ratio= 1.669553E-003
   **   ~~~   **  Input Pressure = 98700.00
   **   ~~~   **  Resultant Temperature= 7.59E-002
   ** Warning ** Temperature out of range [-100. to 200.] (PsyPsatFnTemp)
   **   ~~~   **  Routine=PsyTwbFnTdbWPb, Environment=RUN PERIOD 1, at Simulation time=11/03 10:36 - 10:37
   **   ~~~   **  Input Temperature=-342.53
   ************* Simulation Error Summary *************
   *************
   ************* ===== Recurring Error Summary =====
   ************* The following recurring error messages occurred.
   *************
   *************  ** Warning ** WetBulb not converged after max iterations(PsyTwbFnTdbWPb)
   *************  **   ~~~   **   This error occurred 1 total times;
   *************  **   ~~~   **   during Warmup 0 times;
   *************  **   ~~~   **   during Sizing 0 times.
   *************
   *************  ** Warning ** Temperature out of range [-100. to 200.] (PsyPsatFnTemp)
   *************  **   ~~~   **   This error occurred 2 total times;
   *************  **   ~~~   **   during Warmup 0 times;
   *************  **   ~~~   **   during Sizing 0 times.
   *************  **   ~~~   **   Max=-111.553627 C  Min=-342.537750 C
   *************
   ************* EnergyPlus Warmup Error Summary. During Warmup: 0 Warning; 0 Severe Errors.
   ************* EnergyPlus Sizing Error Summary. During Sizing: 4 Warning; 0 Severe Errors.
   ************* EnergyPlus Completed Successfully-- 7 Warning; 0 Severe Errors; Elapsed Time=00hr 03min 33.34sec
