Program Version,EnergyPlus, Version 25.1.0-1c11a3d85f, YMD=2026.06.04 21:39,
   ************* Beginning Zone Sizing Calculations
   ** Warning ** Site:GroundTemperature:BuildingSurface: Some values fall outside the range of 15-25C.
   **   ~~~   ** These values may be inappropriate.  Please consult the Input Output Reference for more details.
   ** Warning ** Weather file location will be used rather than entered (IDF) Location object.
   **   ~~~   ** ..Location object=CHICAGO MIDWAY AP_IL_USA DESIGN_CONDITIONS
   **   ~~~   ** ..Weather File Location=Albany County Ap NY USA TMY3 WMO#=725180
   **   ~~~   ** ..due to location differences, Latitude difference=[0.97] degrees, Longitude difference=[13.95] degrees.
   **   ~~~   ** ..Time Zone difference=[1.0] hour(s), Elevation difference=[54.84] percent, [102.00] meters.
   ** Warning ** ManageSizing: For a plant sizing run, there must be at least 1 Sizing:Plant object input. SimulationControl Plant Sizing option ignored.
   ************* Testing Individual Branch Integrity
   ************* All Branches passed integrity testing
   ************* Testing Individual Supply Air Path Integrity
   ************* All Supply Air Paths passed integrity testing
   ************* Testing Individual Return Air Path Integrity
   ************* All Return Air Paths passed integrity testing
   ************* No node connection errors were found.
   ************* Beginning Simulation
   ************* Simulation Error Summary *************
   ************* EnergyPlus Warmup Error Summary. During Warmup: 0 Warning; 0 Severe Errors.
   ************* EnergyPlus Sizing Error Summary. During Sizing: 3 Warning; 0 Severe Errors.
   ************* EnergyPlus Completed Successfully-- 3 Warning; 0 Severe Errors; Elapsed Time=00hr 00min 32.58sec
